<?xml version="1.0" encoding="utf-8"?>
<feed xmlns="http://www.w3.org/2005/Atom">
    <title>Feed Title</title>
    <link href="http://example.com/"/>
    <updated>2013-07-14T07:00:00Z</updated>
    <id>http://example.com/</id>
    <author>
        <name>John Doe</name>
        <email>johndoe@example.com</email>
        <uri>https://example.com/johndoe</uri>
    </author>
    <link rel="alternate" href="http://example.com/"/>
    <subtitle>This is my personnal feed!</subtitle>
    <logo>http://example.com/image.png</logo>
    <rights>All rights reserved 2013, John Doe</rights>
    <generator>Feed for Node.js</generator>
    <category term="Technologie">
    </category>
    <contributor>
        <name>Johan Cruyff</name>
        <email>johancruyff@example.com</email>
        <uri>https://example.com/johancruyff</uri>
    </contributor>
    <entry>
        <title type="html"><![CDATA[Title A]]></title>
        <id>http://example.com/title-a</id>
        <link href="http://example.com/title-a">
        </link>
        <updated>2001-02-01T08:00:00Z</updated>
        <summary type="html"><![CDATA[Title A description]]></summary>
        <author>
            <name>Jane Doe</name>
            <email>janedoe@example.com</email>
            <uri>https://example.com/janedoe</uri>
        </author>
        <author>
            <name>Joe Smith</name>
            <email>joesmith@example.com</email>
            <uri>https://example.com/joesmith</uri>
        </author>
        <contributor>
            <name>Shawn Kemp</name>
            <email>shawnkemp@example.com</email>
            <uri>https://example.com/shawnkemp</uri>
        </contributor>
        <contributor>
            <name>Reggie Miller</name>
            <email>reggiemiller@example.com</email>
            <uri>https://example.com/reggiemiller</uri>
        </contributor>
    </entry>
</feed>