// Jest Snapshot v1, https://goo.gl/fbAQLP

exports[`atom 1.0 should generate a valid feed - legacy 1`] = `
"<?xml version=\\"1.0\\" encoding=\\"utf-8\\"?>
<feed xmlns=\\"http://www.w3.org/2005/Atom\\">
    <id>http://example.com/</id>
    <title>Feed Title</title>
    <updated>2013-07-13T23:00:00.000Z</updated>
    <generator>https://github.com/jpmonette/feed</generator>
    <author>
        <name>John Doe</name>
        <email>johndoe@example.com</email>
        <uri>https://example.com/johndoe</uri>
    </author>
    <link rel=\\"alternate\\" href=\\"http://example.com/\\"/>
    <link rel=\\"self\\" href=\\"http://example.com/feed.rss\\"/>
    <subtitle>This is my personnal feed!</subtitle>
    <logo>http://example.com/image.png</logo>
    <rights>All rights reserved 2013, John Doe</rights>
    <category term=\\"Technology\\">
    </category>
    <contributor>
        <name>Johan Cruyff</name>
        <email>johancruyff@example.com</email>
        <uri>https://example.com/johancruyff</uri>
    </contributor>
    <entry>
        <title type=\\"html\\"><![CDATA[Hello World]]></title>
        <id>https://example.com/hello-world</id>
        <link href=\\"https://example.com/hello-world\\">
        </link>
        <updated>2013-07-13T23:00:00.000Z</updated>
        <summary type=\\"html\\"><![CDATA[This is an article about Hello World.]]></summary>
        <content type=\\"html\\"><![CDATA[Content of my item]]></content>
        <author>
            <name>Jane Doe</name>
            <email>janedoe@example.com</email>
            <uri>https://example.com/janedoe</uri>
        </author>
        <author>
            <name>Joe Smith</name>
            <email>joesmith@example.com</email>
            <uri>https://example.com/joesmith</uri>
        </author>
        <contributor>
            <name>Shawn Kemp</name>
            <email>shawnkemp@example.com</email>
            <uri>https://example.com/shawnkemp</uri>
        </contributor>
        <contributor>
            <name>Reggie Miller</name>
            <email>reggiemiller@example.com</email>
            <uri>https://example.com/reggiemiller</uri>
        </contributor>
        <published>2013-07-10T23:00:00.000Z</published>
    </entry>
</feed>"
`;

exports[`atom 1.0 should generate a valid feed 1`] = `
"<?xml version=\\"1.0\\" encoding=\\"utf-8\\"?>
<feed xmlns=\\"http://www.w3.org/2005/Atom\\">
    <id>http://example.com/</id>
    <title>Feed Title</title>
    <updated>2013-07-13T23:00:00.000Z</updated>
    <generator>https://github.com/jpmonette/feed</generator>
    <author>
        <name>John Doe</name>
        <email>johndoe@example.com</email>
        <uri>https://example.com/johndoe</uri>
    </author>
    <link rel=\\"alternate\\" href=\\"http://example.com/\\"/>
    <link rel=\\"self\\" href=\\"http://example.com/feed.rss\\"/>
    <subtitle>This is my personnal feed!</subtitle>
    <logo>http://example.com/image.png</logo>
    <rights>All rights reserved 2013, John Doe</rights>
    <category term=\\"Technology\\">
    </category>
    <contributor>
        <name>Johan Cruyff</name>
        <email>johancruyff@example.com</email>
        <uri>https://example.com/johancruyff</uri>
    </contributor>
    <entry>
        <title type=\\"html\\"><![CDATA[Hello World]]></title>
        <id>https://example.com/hello-world</id>
        <link href=\\"https://example.com/hello-world\\">
        </link>
        <updated>2013-07-13T23:00:00.000Z</updated>
        <summary type=\\"html\\"><![CDATA[This is an article about Hello World.]]></summary>
        <content type=\\"html\\"><![CDATA[Content of my item]]></content>
        <author>
            <name>Jane Doe</name>
            <email>janedoe@example.com</email>
            <uri>https://example.com/janedoe</uri>
        </author>
        <author>
            <name>Joe Smith</name>
            <email>joesmith@example.com</email>
            <uri>https://example.com/joesmith</uri>
        </author>
        <contributor>
            <name>Shawn Kemp</name>
            <email>shawnkemp@example.com</email>
            <uri>https://example.com/shawnkemp</uri>
        </contributor>
        <contributor>
            <name>Reggie Miller</name>
            <email>reggiemiller@example.com</email>
            <uri>https://example.com/reggiemiller</uri>
        </contributor>
        <published>2013-07-10T23:00:00.000Z</published>
    </entry>
</feed>"
`;

exports[`json 1 should generate a valid feed 1`] = `
Object {
  "_example_extension": Object {
    "about": "just an extension example",
    "dummy": "example",
  },
  "author": Object {
    "name": "John Doe",
    "url": "https://example.com/johndoe",
  },
  "description": "This is my personnal feed!",
  "home_page_url": "http://example.com/",
  "icon": "http://example.com/image.png",
  "items": Array [
    Object {
      "_item_extension_1": Object {
        "about": "just an item extension example",
        "dummy1": "example",
      },
      "_item_extension_2": Object {
        "about": "just a second item extension example",
        "dummy1": "example",
      },
      "author": Object {
        "name": "Jane Doe",
        "url": "https://example.com/janedoe",
      },
      "date_modified": "2013-07-13T23:00:00.000Z",
      "date_published": "2013-07-10T23:00:00.000Z",
      "html_content": "Content of my item",
      "id": "https://example.com/hello-world",
      "image": "https://example.com/hello-world.jpg",
      "summary": "This is an article about Hello World.",
      "title": "Hello World",
      "url": "https://example.com/hello-world",
    },
  ],
  "title": "Feed Title",
  "version": "https://jsonfeed.org/version/1",
}
`;

exports[`rss 2.0 should generate a valid feed - legacy 1`] = `
"<?xml version=\\"1.0\\" encoding=\\"utf-8\\"?>
<rss version=\\"2.0\\" xmlns:content=\\"http://purl.org/rss/1.0/modules/content/\\" xmlns:atom=\\"http://www.w3.org/2005/Atom\\">
    <channel>
        <title>Feed Title</title>
        <link>http://example.com/</link>
        <description>This is my personnal feed!</description>
        <lastBuildDate>Sat, 13 Jul 2013 23:00:00 GMT</lastBuildDate>
        <docs>http://blogs.law.harvard.edu/tech/rss</docs>
        <generator>https://github.com/jpmonette/feed</generator>
        <image>
            <title>Feed Title</title>
            <url>http://example.com/image.png</url>
            <link>http://example.com/</link>
        </image>
        <copyright>All rights reserved 2013, John Doe</copyright>
        <category>Technology</category>
        <atom:link href=\\"http://example.com/feed.rss\\" rel=\\"self\\" type=\\"application/rss+xml\\"/>
        <item>
            <title><![CDATA[Hello World]]></title>
            <link>https://example.com/hello-world</link>
            <guid>https://example.com/hello-world</guid>
            <pubDate>Sat, 13 Jul 2013 23:00:00 GMT</pubDate>
            <description><![CDATA[This is an article about Hello World.]]></description>
            <content:encoded><![CDATA[Content of my item]]></content:encoded>
            <author>janedoe@example.com (Jane Doe)</author>
            <author>joesmith@example.com (Joe Smith)</author>
            <enclosure url=\\"https://example.com/hello-world.jpg\\">
            </enclosure>
        </item>
    </channel>
</rss>"
`;

exports[`rss 2.0 should generate a valid feed 1`] = `
"<?xml version=\\"1.0\\" encoding=\\"utf-8\\"?>
<rss version=\\"2.0\\" xmlns:content=\\"http://purl.org/rss/1.0/modules/content/\\" xmlns:atom=\\"http://www.w3.org/2005/Atom\\">
    <channel>
        <title>Feed Title</title>
        <link>http://example.com/</link>
        <description>This is my personnal feed!</description>
        <lastBuildDate>Sat, 13 Jul 2013 23:00:00 GMT</lastBuildDate>
        <docs>http://blogs.law.harvard.edu/tech/rss</docs>
        <generator>https://github.com/jpmonette/feed</generator>
        <image>
            <title>Feed Title</title>
            <url>http://example.com/image.png</url>
            <link>http://example.com/</link>
        </image>
        <copyright>All rights reserved 2013, John Doe</copyright>
        <category>Technology</category>
        <atom:link href=\\"http://example.com/feed.rss\\" rel=\\"self\\" type=\\"application/rss+xml\\"/>
        <item>
            <title><![CDATA[Hello World]]></title>
            <link>https://example.com/hello-world</link>
            <guid>https://example.com/hello-world</guid>
            <pubDate>Sat, 13 Jul 2013 23:00:00 GMT</pubDate>
            <description><![CDATA[This is an article about Hello World.]]></description>
            <content:encoded><![CDATA[Content of my item]]></content:encoded>
            <author>janedoe@example.com (Jane Doe)</author>
            <author>joesmith@example.com (Joe Smith)</author>
            <enclosure url=\\"https://example.com/hello-world.jpg\\">
            </enclosure>
        </item>
    </channel>
</rss>"
`;
